[2024-12-08T16:43:11.874+0800][gc,init] CardTable entry size: 512
[2024-12-08T16:43:11.874+0800][gc     ] Using G1
[2024-12-08T16:43:11.875+0800][gc,init] Version: 23.0.1+11-39 (release)
[2024-12-08T16:43:11.875+0800][gc,init] CPUs: 8 total, 8 available
[2024-12-08T16:43:11.875+0800][gc,init] Memory: 16384M
[2024-12-08T16:43:11.875+0800][gc,init] Large Page Support: Disabled
[2024-12-08T16:43:11.875+0800][gc,init] NUMA Support: Disabled
[2024-12-08T16:43:11.875+0800][gc,init] Compressed Oops: Enabled (Zero based)
[2024-12-08T16:43:11.875+0800][gc,init] Heap Region Size: 1M
[2024-12-08T16:43:11.875+0800][gc,init] Heap Min Capacity: 1G
[2024-12-08T16:43:11.875+0800][gc,init] Heap Initial Capacity: 1G
[2024-12-08T16:43:11.875+0800][gc,init] Heap Max Capacity: 1G
[2024-12-08T16:43:11.875+0800][gc,init] Pre-touch: Disabled
[2024-12-08T16:43:11.875+0800][gc,init] Parallel Workers: 8
[2024-12-08T16:43:11.875+0800][gc,init] Concurrent Workers: 2
[2024-12-08T16:43:11.875+0800][gc,init] Concurrent Refinement Workers: 8
[2024-12-08T16:43:11.875+0800][gc,init] Periodic GC: Disabled
[2024-12-08T16:43:11.877+0800][gc,metaspace] CDS archive(s) mapped at: [0x0000400000000000-0x0000400000d94000-0x0000400000d94000), size 14237696, SharedBaseAddress: 0x0000400000000000, ArchiveRelocationMode: 1.
[2024-12-08T16:43:11.877+0800][gc,metaspace] Compressed class space mapped at: 0x0000400001000000-0x0000400041000000, reserved size: 1073741824
[2024-12-08T16:43:11.877+0800][gc,metaspace] Narrow klass base: 0x0000400000000000, Narrow klass shift: 0, Narrow klass range: 0x100000000
[2024-12-08T16:43:12.403+0800][gc,start    ] GC(0) Pause Young (Normal) (G1 Evacuation Pause)
[2024-12-08T16:43:12.403+0800][gc,task     ] GC(0) Using 8 workers of 8 for evacuation
[2024-12-08T16:43:12.405+0800][gc,phases   ] GC(0)   Pre Evacuate Collection Set: 0.08ms
[2024-12-08T16:43:12.405+0800][gc,phases   ] GC(0)   Merge Heap Roots: 0.03ms
[2024-12-08T16:43:12.405+0800][gc,phases   ] GC(0)   Evacuate Collection Set: 1.52ms
[2024-12-08T16:43:12.405+0800][gc,phases   ] GC(0)   Post Evacuate Collection Set: 0.21ms
[2024-12-08T16:43:12.405+0800][gc,phases   ] GC(0)   Other: 0.14ms
[2024-12-08T16:43:12.405+0800][gc,heap     ] GC(0) Eden regions: 51->0(44)
[2024-12-08T16:43:12.405+0800][gc,heap     ] GC(0) Survivor regions: 0->7(7)
[2024-12-08T16:43:12.405+0800][gc,heap     ] GC(0) Old regions: 2->4
[2024-12-08T16:43:12.405+0800][gc,heap     ] GC(0) Humongous regions: 0->0
[2024-12-08T16:43:12.405+0800][gc,metaspace] GC(0) Metaspace: 17326K(17536K)->17326K(17536K) NonClass: 15073K(15168K)->15073K(15168K) Class: 2252K(2368K)->2252K(2368K)
[2024-12-08T16:43:12.405+0800][gc          ] GC(0) Pause Young (Normal) (G1 Evacuation Pause) 52M->9M(1024M) 2.094ms
[2024-12-08T16:43:12.405+0800][gc,cpu      ] GC(0) User=0.01s Sys=0.00s Real=0.00s
[2024-12-08T16:43:12.488+0800][gc,start    ] GC(1) Pause Young (Concurrent Start) (Metadata GC Threshold)
[2024-12-08T16:43:12.488+0800][gc,task     ] GC(1) Using 8 workers of 8 for evacuation
[2024-12-08T16:43:12.490+0800][gc,phases   ] GC(1)   Pre Evacuate Collection Set: 0.09ms
[2024-12-08T16:43:12.490+0800][gc,phases   ] GC(1)   Merge Heap Roots: 0.03ms
[2024-12-08T16:43:12.490+0800][gc,phases   ] GC(1)   Evacuate Collection Set: 1.29ms
[2024-12-08T16:43:12.490+0800][gc,phases   ] GC(1)   Post Evacuate Collection Set: 0.13ms
[2024-12-08T16:43:12.490+0800][gc,phases   ] GC(1)   Other: 0.04ms
[2024-12-08T16:43:12.490+0800][gc,heap     ] GC(1) Eden regions: 15->0(49)
[2024-12-08T16:43:12.490+0800][gc,heap     ] GC(1) Survivor regions: 7->2(7)
[2024-12-08T16:43:12.490+0800][gc,heap     ] GC(1) Old regions: 4->11
[2024-12-08T16:43:12.490+0800][gc,heap     ] GC(1) Humongous regions: 0->0
[2024-12-08T16:43:12.490+0800][gc,metaspace] GC(1) Metaspace: 21229K(21504K)->21229K(21504K) NonClass: 18421K(18560K)->18421K(18560K) Class: 2808K(2944K)->2808K(2944K)
[2024-12-08T16:43:12.490+0800][gc          ] GC(1) Pause Young (Concurrent Start) (Metadata GC Threshold) 24M->10M(1024M) 1.664ms
[2024-12-08T16:43:12.490+0800][gc          ] GC(2) Concurrent Mark Cycle
[2024-12-08T16:43:12.490+0800][gc,cpu      ] GC(1) User=0.00s Sys=0.00s Real=0.01s
[2024-12-08T16:43:12.490+0800][gc,marking  ] GC(2) Concurrent Scan Root Regions
[2024-12-08T16:43:12.491+0800][gc,marking  ] GC(2) Concurrent Scan Root Regions 0.883ms
[2024-12-08T16:43:12.491+0800][gc,marking  ] GC(2) Concurrent Mark
[2024-12-08T16:43:12.491+0800][gc,marking  ] GC(2) Concurrent Mark From Roots
[2024-12-08T16:43:12.491+0800][gc,task     ] GC(2) Using 2 workers of 2 for marking
[2024-12-08T16:43:12.491+0800][gc,marking  ] GC(2) Concurrent Mark From Roots 0.589ms
[2024-12-08T16:43:12.491+0800][gc,marking  ] GC(2) Concurrent Preclean
[2024-12-08T16:43:12.491+0800][gc,marking  ] GC(2) Concurrent Preclean 0.008ms
[2024-12-08T16:43:12.491+0800][gc,start    ] GC(2) Pause Remark
[2024-12-08T16:43:12.492+0800][gc          ] GC(2) Pause Remark 11M->11M(1024M) 0.709ms
[2024-12-08T16:43:12.492+0800][gc,cpu      ] GC(2) User=0.00s Sys=0.00s Real=0.00s
[2024-12-08T16:43:12.492+0800][gc,marking  ] GC(2) Concurrent Mark 1.363ms
[2024-12-08T16:43:12.492+0800][gc,marking  ] GC(2) Concurrent Rebuild Remembered Sets and Scrub Regions
[2024-12-08T16:43:12.493+0800][gc,marking  ] GC(2) Concurrent Rebuild Remembered Sets and Scrub Regions 0.937ms
[2024-12-08T16:43:12.493+0800][gc,start    ] GC(2) Pause Cleanup
[2024-12-08T16:43:12.493+0800][gc          ] GC(2) Pause Cleanup 11M->11M(1024M) 0.014ms
[2024-12-08T16:43:12.493+0800][gc,cpu      ] GC(2) User=0.00s Sys=0.00s Real=0.00s
[2024-12-08T16:43:12.493+0800][gc,marking  ] GC(2) Concurrent Clear Claimed Marks
[2024-12-08T16:43:12.493+0800][gc,marking  ] GC(2) Concurrent Clear Claimed Marks 0.005ms
[2024-12-08T16:43:12.493+0800][gc,marking  ] GC(2) Concurrent Cleanup for Next Mark
[2024-12-08T16:43:12.494+0800][gc,marking  ] GC(2) Concurrent Cleanup for Next Mark 0.852ms
[2024-12-08T16:43:12.494+0800][gc          ] GC(2) Concurrent Mark Cycle 4.295ms
[2024-12-08T16:43:12.754+0800][gc,start    ] GC(3) Pause Young (Prepare Mixed) (G1 Evacuation Pause)
[2024-12-08T16:43:12.754+0800][gc,task     ] GC(3) Using 8 workers of 8 for evacuation
[2024-12-08T16:43:12.756+0800][gc,phases   ] GC(3)   Pre Evacuate Collection Set: 0.11ms
[2024-12-08T16:43:12.756+0800][gc,phases   ] GC(3)   Merge Heap Roots: 0.03ms
[2024-12-08T16:43:12.756+0800][gc,phases   ] GC(3)   Evacuate Collection Set: 1.45ms
[2024-12-08T16:43:12.756+0800][gc,phases   ] GC(3)   Post Evacuate Collection Set: 0.18ms
[2024-12-08T16:43:12.756+0800][gc,phases   ] GC(3)   Other: 0.04ms
[2024-12-08T16:43:12.756+0800][gc,heap     ] GC(3) Eden regions: 49->0(44)
[2024-12-08T16:43:12.756+0800][gc,heap     ] GC(3) Survivor regions: 2->7(7)
[2024-12-08T16:43:12.756+0800][gc,heap     ] GC(3) Old regions: 11->11
[2024-12-08T16:43:12.756+0800][gc,heap     ] GC(3) Humongous regions: 129->129
[2024-12-08T16:43:12.756+0800][gc,metaspace] GC(3) Metaspace: 32745K(33088K)->32745K(33088K) NonClass: 28717K(28864K)->28717K(28864K) Class: 4027K(4224K)->4027K(4224K)
[2024-12-08T16:43:12.756+0800][gc          ] GC(3) Pause Young (Prepare Mixed) (G1 Evacuation Pause) 188M->144M(1024M) 1.894ms
[2024-12-08T16:43:12.756+0800][gc,cpu      ] GC(3) User=0.02s Sys=0.00s Real=0.00s
[2024-12-08T16:43:12.796+0800][gc,start    ] GC(4) Pause Young (Mixed) (Metadata GC Threshold)
[2024-12-08T16:43:12.796+0800][gc,task     ] GC(4) Using 8 workers of 8 for evacuation
[2024-12-08T16:43:12.798+0800][gc,phases   ] GC(4)   Pre Evacuate Collection Set: 0.10ms
[2024-12-08T16:43:12.798+0800][gc,phases   ] GC(4)   Merge Heap Roots: 0.03ms
[2024-12-08T16:43:12.798+0800][gc,phases   ] GC(4)   Evacuate Collection Set: 1.40ms
[2024-12-08T16:43:12.798+0800][gc,phases   ] GC(4)   Post Evacuate Collection Set: 0.13ms
[2024-12-08T16:43:12.798+0800][gc,phases   ] GC(4)   Other: 0.03ms
[2024-12-08T16:43:12.798+0800][gc,heap     ] GC(4) Eden regions: 12->0(49)
[2024-12-08T16:43:12.798+0800][gc,heap     ] GC(4) Survivor regions: 7->2(7)
[2024-12-08T16:43:12.798+0800][gc,heap     ] GC(4) Old regions: 11->16
[2024-12-08T16:43:12.798+0800][gc,heap     ] GC(4) Humongous regions: 129->129
[2024-12-08T16:43:12.798+0800][gc,metaspace] GC(4) Metaspace: 35600K(35968K)->35600K(35968K) NonClass: 31252K(31424K)->31252K(31424K) Class: 4347K(4544K)->4347K(4544K)
[2024-12-08T16:43:12.798+0800][gc          ] GC(4) Pause Young (Mixed) (Metadata GC Threshold) 156M->145M(1024M) 1.771ms
[2024-12-08T16:43:12.798+0800][gc,cpu      ] GC(4) User=0.01s Sys=0.00s Real=0.00s
[2024-12-08T16:43:12.801+0800][gc,start    ] GC(5) Pause Young (Concurrent Start) (Metadata GC Threshold)
[2024-12-08T16:43:12.801+0800][gc,task     ] GC(5) Using 8 workers of 8 for evacuation
[2024-12-08T16:43:12.802+0800][gc,phases   ] GC(5)   Pre Evacuate Collection Set: 0.13ms
[2024-12-08T16:43:12.802+0800][gc,phases   ] GC(5)   Merge Heap Roots: 0.02ms
[2024-12-08T16:43:12.802+0800][gc,phases   ] GC(5)   Evacuate Collection Set: 0.45ms
[2024-12-08T16:43:12.802+0800][gc,phases   ] GC(5)   Post Evacuate Collection Set: 0.10ms
[2024-12-08T16:43:12.802+0800][gc,phases   ] GC(5)   Other: 0.04ms
[2024-12-08T16:43:12.802+0800][gc,heap     ] GC(5) Eden regions: 2->0(49)
[2024-12-08T16:43:12.802+0800][gc,heap     ] GC(5) Survivor regions: 2->2(7)
[2024-12-08T16:43:12.802+0800][gc,heap     ] GC(5) Old regions: 16->16
[2024-12-08T16:43:12.802+0800][gc,heap     ] GC(5) Humongous regions: 129->129
[2024-12-08T16:43:12.802+0800][gc,metaspace] GC(5) Metaspace: 35975K(36288K)->35975K(36288K) NonClass: 31574K(31744K)->31574K(31744K) Class: 4400K(4544K)->4400K(4544K)
[2024-12-08T16:43:12.802+0800][gc          ] GC(5) Pause Young (Concurrent Start) (Metadata GC Threshold) 146M->145M(1024M) 0.800ms
[2024-12-08T16:43:12.802+0800][gc,cpu      ] GC(5) User=0.01s Sys=0.00s Real=0.00s
[2024-12-08T16:43:12.802+0800][gc          ] GC(6) Concurrent Mark Cycle
[2024-12-08T16:43:12.802+0800][gc,marking  ] GC(6) Concurrent Scan Root Regions
[2024-12-08T16:43:12.803+0800][gc,marking  ] GC(6) Concurrent Scan Root Regions 0.447ms
[2024-12-08T16:43:12.803+0800][gc,marking  ] GC(6) Concurrent Mark
[2024-12-08T16:43:12.803+0800][gc,marking  ] GC(6) Concurrent Mark From Roots
[2024-12-08T16:43:12.803+0800][gc,task     ] GC(6) Using 2 workers of 2 for marking
[2024-12-08T16:43:12.807+0800][gc,marking  ] GC(6) Concurrent Mark From Roots 4.628ms
[2024-12-08T16:43:12.807+0800][gc,marking  ] GC(6) Concurrent Preclean
[2024-12-08T16:43:12.807+0800][gc,marking  ] GC(6) Concurrent Preclean 0.030ms
[2024-12-08T16:43:12.807+0800][gc,start    ] GC(6) Pause Remark
[2024-12-08T16:43:12.808+0800][gc          ] GC(6) Pause Remark 147M->147M(1024M) 0.841ms
[2024-12-08T16:43:12.808+0800][gc,cpu      ] GC(6) User=0.01s Sys=0.00s Real=0.00s
[2024-12-08T16:43:12.808+0800][gc,marking  ] GC(6) Concurrent Mark 5.662ms
[2024-12-08T16:43:12.808+0800][gc,marking  ] GC(6) Concurrent Rebuild Remembered Sets and Scrub Regions
[2024-12-08T16:43:12.810+0800][gc,marking  ] GC(6) Concurrent Rebuild Remembered Sets and Scrub Regions 2.100ms
[2024-12-08T16:43:12.810+0800][gc,start    ] GC(6) Pause Cleanup
[2024-12-08T16:43:12.810+0800][gc          ] GC(6) Pause Cleanup 148M->148M(1024M) 0.013ms
[2024-12-08T16:43:12.811+0800][gc,cpu      ] GC(6) User=0.00s Sys=0.00s Real=0.00s
[2024-12-08T16:43:12.811+0800][gc,marking  ] GC(6) Concurrent Clear Claimed Marks
[2024-12-08T16:43:12.811+0800][gc,marking  ] GC(6) Concurrent Clear Claimed Marks 0.008ms
[2024-12-08T16:43:12.811+0800][gc,marking  ] GC(6) Concurrent Cleanup for Next Mark
[2024-12-08T16:43:12.811+0800][gc,marking  ] GC(6) Concurrent Cleanup for Next Mark 0.777ms
[2024-12-08T16:43:12.811+0800][gc          ] GC(6) Concurrent Mark Cycle 9.116ms
[2024-12-08T16:50:17.956+0800][gc,start    ] GC(7) Pause Young (Prepare Mixed) (G1 Evacuation Pause)
[2024-12-08T16:50:17.957+0800][gc,task     ] GC(7) Using 8 workers of 8 for evacuation
[2024-12-08T16:50:17.980+0800][gc,mmu      ] GC(7) MMU target violated: 21.0ms (20.0ms/21.0ms)
[2024-12-08T16:50:17.981+0800][gc,phases   ] GC(7)   Pre Evacuate Collection Set: 1.44ms
[2024-12-08T16:50:17.981+0800][gc,phases   ] GC(7)   Merge Heap Roots: 0.33ms
[2024-12-08T16:50:17.981+0800][gc,phases   ] GC(7)   Evacuate Collection Set: 20.88ms
[2024-12-08T16:50:17.981+0800][gc,phases   ] GC(7)   Post Evacuate Collection Set: 0.66ms
[2024-12-08T16:50:17.981+0800][gc,phases   ] GC(7)   Other: 0.35ms
[2024-12-08T16:50:17.981+0800][gc,heap     ] GC(7) Eden regions: 49->0(47)
[2024-12-08T16:50:17.981+0800][gc,heap     ] GC(7) Survivor regions: 2->4(7)
[2024-12-08T16:50:17.981+0800][gc,heap     ] GC(7) Old regions: 16->16
[2024-12-08T16:50:17.981+0800][gc,heap     ] GC(7) Humongous regions: 129->129
[2024-12-08T16:50:17.981+0800][gc,metaspace] GC(7) Metaspace: 42081K(42624K)->42081K(42624K) NonClass: 36707K(37056K)->36707K(37056K) Class: 5373K(5568K)->5373K(5568K)
[2024-12-08T16:50:17.981+0800][gc          ] GC(7) Pause Young (Prepare Mixed) (G1 Evacuation Pause) 194M->148M(1024M) 25.153ms
[2024-12-08T16:50:17.981+0800][gc,cpu      ] GC(7) User=0.02s Sys=0.04s Real=0.03s
[2024-12-08T16:59:26.378+0800][gc,start    ] GC(8) Pause Young (Mixed) (G1 Evacuation Pause)
[2024-12-08T16:59:26.378+0800][gc,task     ] GC(8) Using 8 workers of 8 for evacuation
[2024-12-08T16:59:26.397+0800][gc,phases   ] GC(8)   Pre Evacuate Collection Set: 1.23ms
[2024-12-08T16:59:26.397+0800][gc,phases   ] GC(8)   Merge Heap Roots: 0.42ms
[2024-12-08T16:59:26.397+0800][gc,phases   ] GC(8)   Evacuate Collection Set: 15.76ms
[2024-12-08T16:59:26.397+0800][gc,phases   ] GC(8)   Post Evacuate Collection Set: 1.08ms
[2024-12-08T16:59:26.397+0800][gc,phases   ] GC(8)   Other: 0.30ms
[2024-12-08T16:59:26.397+0800][gc,heap     ] GC(8) Eden regions: 47->0(45)
[2024-12-08T16:59:26.397+0800][gc,heap     ] GC(8) Survivor regions: 4->6(7)
[2024-12-08T16:59:26.397+0800][gc,heap     ] GC(8) Old regions: 16->16
[2024-12-08T16:59:26.397+0800][gc,heap     ] GC(8) Humongous regions: 129->129
[2024-12-08T16:59:26.397+0800][gc,metaspace] GC(8) Metaspace: 44313K(44928K)->44313K(44928K) NonClass: 38624K(38976K)->38624K(38976K) Class: 5688K(5952K)->5688K(5952K)
[2024-12-08T16:59:26.397+0800][gc          ] GC(8) Pause Young (Mixed) (G1 Evacuation Pause) 195M->150M(1024M) 19.675ms
[2024-12-08T16:59:26.397+0800][gc,cpu      ] GC(8) User=0.04s Sys=0.02s Real=0.02s
[2024-12-08T17:08:07.912+0800][gc,start    ] GC(9) Pause Young (Normal) (G1 Evacuation Pause)
[2024-12-08T17:08:07.914+0800][gc,task     ] GC(9) Using 8 workers of 8 for evacuation
[2024-12-08T17:08:07.927+0800][gc,phases   ] GC(9)   Pre Evacuate Collection Set: 1.28ms
[2024-12-08T17:08:07.927+0800][gc,phases   ] GC(9)   Merge Heap Roots: 0.26ms
[2024-12-08T17:08:07.927+0800][gc,phases   ] GC(9)   Evacuate Collection Set: 10.50ms
[2024-12-08T17:08:07.927+0800][gc,phases   ] GC(9)   Post Evacuate Collection Set: 0.78ms
[2024-12-08T17:08:07.927+0800][gc,phases   ] GC(9)   Other: 0.33ms
[2024-12-08T17:08:07.927+0800][gc,heap     ] GC(9) Eden regions: 45->0(47)
[2024-12-08T17:08:07.927+0800][gc,heap     ] GC(9) Survivor regions: 6->4(7)
[2024-12-08T17:08:07.927+0800][gc,heap     ] GC(9) Old regions: 16->19
[2024-12-08T17:08:07.927+0800][gc,heap     ] GC(9) Humongous regions: 129->129
[2024-12-08T17:08:07.927+0800][gc,metaspace] GC(9) Metaspace: 44429K(45120K)->44429K(45120K) NonClass: 38735K(39168K)->38735K(39168K) Class: 5694K(5952K)->5694K(5952K)
[2024-12-08T17:08:07.927+0800][gc          ] GC(9) Pause Young (Normal) (G1 Evacuation Pause) 195M->150M(1024M) 15.035ms
[2024-12-08T17:08:07.927+0800][gc,cpu      ] GC(9) User=0.03s Sys=0.01s Real=0.01s
[2024-12-08T17:23:02.917+0800][gc,start    ] GC(10) Pause Young (Normal) (G1 Evacuation Pause)
[2024-12-08T17:23:02.919+0800][gc,task     ] GC(10) Using 8 workers of 8 for evacuation
[2024-12-08T17:23:02.934+0800][gc,phases   ] GC(10)   Pre Evacuate Collection Set: 1.24ms
[2024-12-08T17:23:02.934+0800][gc,phases   ] GC(10)   Merge Heap Roots: 0.33ms
[2024-12-08T17:23:02.934+0800][gc,phases   ] GC(10)   Evacuate Collection Set: 12.32ms
[2024-12-08T17:23:02.934+0800][gc,phases   ] GC(10)   Post Evacuate Collection Set: 0.64ms
[2024-12-08T17:23:02.934+0800][gc,phases   ] GC(10)   Other: 0.29ms
[2024-12-08T17:23:02.934+0800][gc,heap     ] GC(10) Eden regions: 47->0(46)
[2024-12-08T17:23:02.934+0800][gc,heap     ] GC(10) Survivor regions: 4->5(7)
[2024-12-08T17:23:02.934+0800][gc,heap     ] GC(10) Old regions: 19->19
[2024-12-08T17:23:02.934+0800][gc,heap     ] GC(10) Humongous regions: 129->129
[2024-12-08T17:23:02.934+0800][gc,metaspace] GC(10) Metaspace: 44643K(45248K)->44643K(45248K) NonClass: 38939K(39296K)->38939K(39296K) Class: 5703K(5952K)->5703K(5952K)
[2024-12-08T17:23:02.934+0800][gc          ] GC(10) Pause Young (Normal) (G1 Evacuation Pause) 197M->152M(1024M) 16.704ms
[2024-12-08T17:23:02.934+0800][gc,cpu      ] GC(10) User=0.03s Sys=0.03s Real=0.02s
[2024-12-08T17:47:06.243+0800][gc,start    ] GC(11) Pause Young (Normal) (G1 Evacuation Pause)
[2024-12-08T17:47:06.244+0800][gc,task     ] GC(11) Using 8 workers of 8 for evacuation
[2024-12-08T17:47:06.255+0800][gc,phases   ] GC(11)   Pre Evacuate Collection Set: 0.91ms
[2024-12-08T17:47:06.255+0800][gc,phases   ] GC(11)   Merge Heap Roots: 0.21ms
[2024-12-08T17:47:06.255+0800][gc,phases   ] GC(11)   Evacuate Collection Set: 9.17ms
[2024-12-08T17:47:06.255+0800][gc,phases   ] GC(11)   Post Evacuate Collection Set: 0.61ms
[2024-12-08T17:47:06.255+0800][gc,phases   ] GC(11)   Other: 0.29ms
[2024-12-08T17:47:06.255+0800][gc,heap     ] GC(11) Eden regions: 46->0(47)
[2024-12-08T17:47:06.255+0800][gc,heap     ] GC(11) Survivor regions: 5->4(7)
[2024-12-08T17:47:06.255+0800][gc,heap     ] GC(11) Old regions: 19->20
[2024-12-08T17:47:06.255+0800][gc,heap     ] GC(11) Humongous regions: 129->129
[2024-12-08T17:47:06.255+0800][gc,metaspace] GC(11) Metaspace: 44805K(45440K)->44805K(45440K) NonClass: 39098K(39488K)->39098K(39488K) Class: 5706K(5952K)->5706K(5952K)
[2024-12-08T17:47:06.255+0800][gc          ] GC(11) Pause Young (Normal) (G1 Evacuation Pause) 198M->151M(1024M) 12.797ms
[2024-12-08T17:47:06.255+0800][gc,cpu      ] GC(11) User=0.02s Sys=0.02s Real=0.01s
[2024-12-08T18:04:37.036+0800][gc,heap,exit] Heap
[2024-12-08T18:04:37.037+0800][gc,heap,exit]  garbage-first heap   total reserved 1048576K, committed 1048576K, used 202736K [0x00000007c0000000, 0x0000000800000000)
[2024-12-08T18:04:37.037+0800][gc,heap,exit]   region size 1024K, 50 young (51200K), 4 survivors (4096K)
[2024-12-08T18:04:37.037+0800][gc,heap,exit]  Metaspace       used 45780K, committed 46400K, reserved 1114112K
[2024-12-08T18:04:37.037+0800][gc,heap,exit]   class space    used 5895K, committed 6144K, reserved 1048576K
