[2024-12-08T16:40:36.679+0800][gc,init] CardTable entry size: 512
[2024-12-08T16:40:36.679+0800][gc     ] Using G1
[2024-12-08T16:40:36.680+0800][gc,init] Version: 23.0.1+11-39 (release)
[2024-12-08T16:40:36.680+0800][gc,init] CPUs: 8 total, 8 available
[2024-12-08T16:40:36.680+0800][gc,init] Memory: 16384M
[2024-12-08T16:40:36.680+0800][gc,init] Large Page Support: Disabled
[2024-12-08T16:40:36.680+0800][gc,init] NUMA Support: Disabled
[2024-12-08T16:40:36.680+0800][gc,init] Compressed Oops: Enabled (Zero based)
[2024-12-08T16:40:36.680+0800][gc,init] Heap Region Size: 1M
[2024-12-08T16:40:36.680+0800][gc,init] Heap Min Capacity: 1G
[2024-12-08T16:40:36.680+0800][gc,init] Heap Initial Capacity: 1G
[2024-12-08T16:40:36.680+0800][gc,init] Heap Max Capacity: 1G
[2024-12-08T16:40:36.680+0800][gc,init] Pre-touch: Disabled
[2024-12-08T16:40:36.680+0800][gc,init] Parallel Workers: 8
[2024-12-08T16:40:36.680+0800][gc,init] Concurrent Workers: 2
[2024-12-08T16:40:36.680+0800][gc,init] Concurrent Refinement Workers: 8
[2024-12-08T16:40:36.680+0800][gc,init] Periodic GC: Disabled
[2024-12-08T16:40:36.682+0800][gc,metaspace] CDS archive(s) mapped at: [0x0000018000000000-0x0000018000d94000-0x0000018000d94000), size 14237696, SharedBaseAddress: 0x0000018000000000, ArchiveRelocationMode: 1.
[2024-12-08T16:40:36.682+0800][gc,metaspace] Compressed class space mapped at: 0x0000018001000000-0x0000018041000000, reserved size: 1073741824
[2024-12-08T16:40:36.682+0800][gc,metaspace] Narrow klass base: 0x0000018000000000, Narrow klass shift: 0, Narrow klass range: 0x100000000
[2024-12-08T16:40:37.176+0800][gc,start    ] GC(0) Pause Young (Normal) (G1 Evacuation Pause)
[2024-12-08T16:40:37.176+0800][gc,task     ] GC(0) Using 8 workers of 8 for evacuation
[2024-12-08T16:40:37.178+0800][gc,phases   ] GC(0)   Pre Evacuate Collection Set: 0.09ms
[2024-12-08T16:40:37.178+0800][gc,phases   ] GC(0)   Merge Heap Roots: 0.04ms
[2024-12-08T16:40:37.178+0800][gc,phases   ] GC(0)   Evacuate Collection Set: 1.57ms
[2024-12-08T16:40:37.178+0800][gc,phases   ] GC(0)   Post Evacuate Collection Set: 0.20ms
[2024-12-08T16:40:37.178+0800][gc,phases   ] GC(0)   Other: 0.16ms
[2024-12-08T16:40:37.178+0800][gc,heap     ] GC(0) Eden regions: 51->0(44)
[2024-12-08T16:40:37.178+0800][gc,heap     ] GC(0) Survivor regions: 0->7(7)
[2024-12-08T16:40:37.178+0800][gc,heap     ] GC(0) Old regions: 2->4
[2024-12-08T16:40:37.178+0800][gc,heap     ] GC(0) Humongous regions: 0->0
[2024-12-08T16:40:37.178+0800][gc,metaspace] GC(0) Metaspace: 17329K(17600K)->17329K(17600K) NonClass: 15073K(15232K)->15073K(15232K) Class: 2255K(2368K)->2255K(2368K)
[2024-12-08T16:40:37.178+0800][gc          ] GC(0) Pause Young (Normal) (G1 Evacuation Pause) 52M->9M(1024M) 2.176ms
[2024-12-08T16:40:37.178+0800][gc,cpu      ] GC(0) User=0.02s Sys=0.00s Real=0.00s
[2024-12-08T16:40:37.368+0800][gc,heap,exit] Heap
[2024-12-08T16:40:37.368+0800][gc,heap,exit]  garbage-first heap   total reserved 1048576K, committed 1048576K, used 24749K [0x00000007c0000000, 0x0000000800000000)
[2024-12-08T16:40:37.368+0800][gc,heap,exit]   region size 1024K, 22 young (22528K), 7 survivors (7168K)
[2024-12-08T16:40:37.368+0800][gc,heap,exit]  Metaspace       used 21058K, committed 21312K, reserved 1114112K
[2024-12-08T16:40:37.368+0800][gc,heap,exit]   class space    used 2787K, committed 2880K, reserved 1048576K
