[2024-12-08T16:36:44.927+0800][gc,init] CardTable entry size: 512
[2024-12-08T16:36:44.927+0800][gc     ] Using G1
[2024-12-08T16:36:44.928+0800][gc,init] Version: 23.0.1+11-39 (release)
[2024-12-08T16:36:44.928+0800][gc,init] CPUs: 8 total, 8 available
[2024-12-08T16:36:44.928+0800][gc,init] Memory: 16384M
[2024-12-08T16:36:44.928+0800][gc,init] Large Page Support: Disabled
[2024-12-08T16:36:44.928+0800][gc,init] NUMA Support: Disabled
[2024-12-08T16:36:44.928+0800][gc,init] Compressed Oops: Enabled (Zero based)
[2024-12-08T16:36:44.928+0800][gc,init] Heap Region Size: 1M
[2024-12-08T16:36:44.928+0800][gc,init] Heap Min Capacity: 1G
[2024-12-08T16:36:44.928+0800][gc,init] Heap Initial Capacity: 1G
[2024-12-08T16:36:44.928+0800][gc,init] Heap Max Capacity: 1G
[2024-12-08T16:36:44.928+0800][gc,init] Pre-touch: Disabled
[2024-12-08T16:36:44.928+0800][gc,init] Parallel Workers: 8
[2024-12-08T16:36:44.928+0800][gc,init] Concurrent Workers: 2
[2024-12-08T16:36:44.928+0800][gc,init] Concurrent Refinement Workers: 8
[2024-12-08T16:36:44.928+0800][gc,init] Periodic GC: Disabled
[2024-12-08T16:36:44.930+0800][gc,metaspace] CDS archive(s) mapped at: [0x0000000600000000-0x0000000600d94000-0x0000000600d94000), size 14237696, SharedBaseAddress: 0x0000000600000000, ArchiveRelocationMode: 1.
[2024-12-08T16:36:44.930+0800][gc,metaspace] Compressed class space mapped at: 0x0000000601000000-0x0000000641000000, reserved size: 1073741824
[2024-12-08T16:36:44.930+0800][gc,metaspace] Narrow klass base: 0x0000000600000000, Narrow klass shift: 0, Narrow klass range: 0x100000000
[2024-12-08T16:36:45.473+0800][gc,start    ] GC(0) Pause Young (Normal) (G1 Evacuation Pause)
[2024-12-08T16:36:45.473+0800][gc,task     ] GC(0) Using 8 workers of 8 for evacuation
[2024-12-08T16:36:45.476+0800][gc,phases   ] GC(0)   Pre Evacuate Collection Set: 0.11ms
[2024-12-08T16:36:45.476+0800][gc,phases   ] GC(0)   Merge Heap Roots: 0.03ms
[2024-12-08T16:36:45.476+0800][gc,phases   ] GC(0)   Evacuate Collection Set: 1.64ms
[2024-12-08T16:36:45.476+0800][gc,phases   ] GC(0)   Post Evacuate Collection Set: 0.23ms
[2024-12-08T16:36:45.476+0800][gc,phases   ] GC(0)   Other: 0.15ms
[2024-12-08T16:36:45.476+0800][gc,heap     ] GC(0) Eden regions: 51->0(44)
[2024-12-08T16:36:45.476+0800][gc,heap     ] GC(0) Survivor regions: 0->7(7)
[2024-12-08T16:36:45.476+0800][gc,heap     ] GC(0) Old regions: 2->4
[2024-12-08T16:36:45.476+0800][gc,heap     ] GC(0) Humongous regions: 0->0
[2024-12-08T16:36:45.476+0800][gc,metaspace] GC(0) Metaspace: 17334K(17600K)->17334K(17600K) NonClass: 15078K(15232K)->15078K(15232K) Class: 2255K(2368K)->2255K(2368K)
[2024-12-08T16:36:45.476+0800][gc          ] GC(0) Pause Young (Normal) (G1 Evacuation Pause) 52M->9M(1024M) 2.297ms
[2024-12-08T16:36:45.476+0800][gc,cpu      ] GC(0) User=0.01s Sys=0.00s Real=0.00s
[2024-12-08T16:36:45.562+0800][gc,start    ] GC(1) Pause Young (Concurrent Start) (Metadata GC Threshold)
[2024-12-08T16:36:45.562+0800][gc,task     ] GC(1) Using 8 workers of 8 for evacuation
[2024-12-08T16:36:45.564+0800][gc,phases   ] GC(1)   Pre Evacuate Collection Set: 0.10ms
[2024-12-08T16:36:45.564+0800][gc,phases   ] GC(1)   Merge Heap Roots: 0.03ms
[2024-12-08T16:36:45.564+0800][gc,phases   ] GC(1)   Evacuate Collection Set: 1.15ms
[2024-12-08T16:36:45.564+0800][gc,phases   ] GC(1)   Post Evacuate Collection Set: 0.13ms
[2024-12-08T16:36:45.564+0800][gc,phases   ] GC(1)   Other: 0.04ms
[2024-12-08T16:36:45.564+0800][gc,heap     ] GC(1) Eden regions: 15->0(50)
[2024-12-08T16:36:45.564+0800][gc,heap     ] GC(1) Survivor regions: 7->1(7)
[2024-12-08T16:36:45.564+0800][gc,heap     ] GC(1) Old regions: 4->11
[2024-12-08T16:36:45.564+0800][gc,heap     ] GC(1) Humongous regions: 0->0
[2024-12-08T16:36:45.564+0800][gc,metaspace] GC(1) Metaspace: 21241K(21504K)->21241K(21504K) NonClass: 18431K(18560K)->18431K(18560K) Class: 2809K(2944K)->2809K(2944K)
[2024-12-08T16:36:45.564+0800][gc          ] GC(1) Pause Young (Concurrent Start) (Metadata GC Threshold) 24M->10M(1024M) 1.527ms
[2024-12-08T16:36:45.564+0800][gc          ] GC(2) Concurrent Mark Cycle
[2024-12-08T16:36:45.564+0800][gc,cpu      ] GC(1) User=0.00s Sys=0.00s Real=0.00s
[2024-12-08T16:36:45.564+0800][gc,marking  ] GC(2) Concurrent Scan Root Regions
[2024-12-08T16:36:45.565+0800][gc,marking  ] GC(2) Concurrent Scan Root Regions 0.813ms
[2024-12-08T16:36:45.565+0800][gc,marking  ] GC(2) Concurrent Mark
[2024-12-08T16:36:45.565+0800][gc,marking  ] GC(2) Concurrent Mark From Roots
[2024-12-08T16:36:45.565+0800][gc,task     ] GC(2) Using 2 workers of 2 for marking
[2024-12-08T16:36:45.565+0800][gc,marking  ] GC(2) Concurrent Mark From Roots 0.718ms
[2024-12-08T16:36:45.565+0800][gc,marking  ] GC(2) Concurrent Preclean
[2024-12-08T16:36:45.566+0800][gc,marking  ] GC(2) Concurrent Preclean 0.197ms
[2024-12-08T16:36:45.566+0800][gc,start    ] GC(2) Pause Remark
[2024-12-08T16:36:45.566+0800][gc          ] GC(2) Pause Remark 11M->11M(1024M) 0.747ms
[2024-12-08T16:36:45.566+0800][gc,cpu      ] GC(2) User=0.00s Sys=0.00s Real=0.00s
[2024-12-08T16:36:45.566+0800][gc,marking  ] GC(2) Concurrent Mark 1.707ms
[2024-12-08T16:36:45.566+0800][gc,marking  ] GC(2) Concurrent Rebuild Remembered Sets and Scrub Regions
[2024-12-08T16:36:45.567+0800][gc,marking  ] GC(2) Concurrent Rebuild Remembered Sets and Scrub Regions 1.079ms
[2024-12-08T16:36:45.567+0800][gc,start    ] GC(2) Pause Cleanup
[2024-12-08T16:36:45.567+0800][gc          ] GC(2) Pause Cleanup 11M->11M(1024M) 0.012ms
[2024-12-08T16:36:45.567+0800][gc,cpu      ] GC(2) User=0.00s Sys=0.00s Real=0.00s
[2024-12-08T16:36:45.567+0800][gc,marking  ] GC(2) Concurrent Clear Claimed Marks
[2024-12-08T16:36:45.567+0800][gc,marking  ] GC(2) Concurrent Clear Claimed Marks 0.005ms
[2024-12-08T16:36:45.567+0800][gc,marking  ] GC(2) Concurrent Cleanup for Next Mark
[2024-12-08T16:36:45.568+0800][gc,marking  ] GC(2) Concurrent Cleanup for Next Mark 0.872ms
[2024-12-08T16:36:45.568+0800][gc          ] GC(2) Concurrent Mark Cycle 4.583ms
[2024-12-08T16:36:45.841+0800][gc,start    ] GC(3) Pause Young (Prepare Mixed) (G1 Evacuation Pause)
[2024-12-08T16:36:45.841+0800][gc,task     ] GC(3) Using 8 workers of 8 for evacuation
[2024-12-08T16:36:45.843+0800][gc,phases   ] GC(3)   Pre Evacuate Collection Set: 0.11ms
[2024-12-08T16:36:45.843+0800][gc,phases   ] GC(3)   Merge Heap Roots: 0.03ms
[2024-12-08T16:36:45.843+0800][gc,phases   ] GC(3)   Evacuate Collection Set: 1.57ms
[2024-12-08T16:36:45.843+0800][gc,phases   ] GC(3)   Post Evacuate Collection Set: 0.16ms
[2024-12-08T16:36:45.843+0800][gc,phases   ] GC(3)   Other: 0.03ms
[2024-12-08T16:36:45.843+0800][gc,heap     ] GC(3) Eden regions: 50->0(45)
[2024-12-08T16:36:45.843+0800][gc,heap     ] GC(3) Survivor regions: 1->6(7)
[2024-12-08T16:36:45.843+0800][gc,heap     ] GC(3) Old regions: 11->11
[2024-12-08T16:36:45.843+0800][gc,heap     ] GC(3) Humongous regions: 129->129
[2024-12-08T16:36:45.843+0800][gc,metaspace] GC(3) Metaspace: 32931K(33280K)->32931K(33280K) NonClass: 28886K(29056K)->28886K(29056K) Class: 4045K(4224K)->4045K(4224K)
[2024-12-08T16:36:45.843+0800][gc          ] GC(3) Pause Young (Prepare Mixed) (G1 Evacuation Pause) 189M->144M(1024M) 2.009ms
[2024-12-08T16:36:45.843+0800][gc,cpu      ] GC(3) User=0.01s Sys=0.00s Real=0.00s
[2024-12-08T16:36:45.881+0800][gc,start    ] GC(4) Pause Young (Mixed) (Metadata GC Threshold)
[2024-12-08T16:36:45.881+0800][gc,task     ] GC(4) Using 8 workers of 8 for evacuation
[2024-12-08T16:36:45.883+0800][gc,phases   ] GC(4)   Pre Evacuate Collection Set: 0.09ms
[2024-12-08T16:36:45.883+0800][gc,phases   ] GC(4)   Merge Heap Roots: 0.02ms
[2024-12-08T16:36:45.883+0800][gc,phases   ] GC(4)   Evacuate Collection Set: 1.19ms
[2024-12-08T16:36:45.883+0800][gc,phases   ] GC(4)   Post Evacuate Collection Set: 0.13ms
[2024-12-08T16:36:45.883+0800][gc,phases   ] GC(4)   Other: 0.03ms
[2024-12-08T16:36:45.883+0800][gc,heap     ] GC(4) Eden regions: 12->0(49)
[2024-12-08T16:36:45.883+0800][gc,heap     ] GC(4) Survivor regions: 6->2(7)
[2024-12-08T16:36:45.883+0800][gc,heap     ] GC(4) Old regions: 11->16
[2024-12-08T16:36:45.883+0800][gc,heap     ] GC(4) Humongous regions: 129->129
[2024-12-08T16:36:45.883+0800][gc,metaspace] GC(4) Metaspace: 35586K(35968K)->35586K(35968K) NonClass: 31239K(31424K)->31239K(31424K) Class: 4346K(4544K)->4346K(4544K)
[2024-12-08T16:36:45.883+0800][gc          ] GC(4) Pause Young (Mixed) (Metadata GC Threshold) 155M->145M(1024M) 1.543ms
[2024-12-08T16:36:45.883+0800][gc,cpu      ] GC(4) User=0.01s Sys=0.00s Real=0.00s
[2024-12-08T16:36:45.885+0800][gc,start    ] GC(5) Pause Young (Concurrent Start) (Metadata GC Threshold)
[2024-12-08T16:36:45.885+0800][gc,task     ] GC(5) Using 8 workers of 8 for evacuation
[2024-12-08T16:36:45.886+0800][gc,phases   ] GC(5)   Pre Evacuate Collection Set: 0.08ms
[2024-12-08T16:36:45.886+0800][gc,phases   ] GC(5)   Merge Heap Roots: 0.02ms
[2024-12-08T16:36:45.886+0800][gc,phases   ] GC(5)   Evacuate Collection Set: 0.41ms
[2024-12-08T16:36:45.886+0800][gc,phases   ] GC(5)   Post Evacuate Collection Set: 0.13ms
[2024-12-08T16:36:45.886+0800][gc,phases   ] GC(5)   Other: 0.03ms
[2024-12-08T16:36:45.886+0800][gc,heap     ] GC(5) Eden regions: 2->0(49)
[2024-12-08T16:36:45.886+0800][gc,heap     ] GC(5) Survivor regions: 2->2(7)
[2024-12-08T16:36:45.886+0800][gc,heap     ] GC(5) Old regions: 16->17
[2024-12-08T16:36:45.886+0800][gc,heap     ] GC(5) Humongous regions: 129->129
[2024-12-08T16:36:45.886+0800][gc,metaspace] GC(5) Metaspace: 35945K(36288K)->35945K(36288K) NonClass: 31549K(31744K)->31549K(31744K) Class: 4395K(4544K)->4395K(4544K)
[2024-12-08T16:36:45.886+0800][gc          ] GC(5) Pause Young (Concurrent Start) (Metadata GC Threshold) (Evacuation Failure: Pinned) 146M->146M(1024M) 0.728ms
[2024-12-08T16:36:45.886+0800][gc          ] GC(6) Concurrent Mark Cycle
[2024-12-08T16:36:45.886+0800][gc,cpu      ] GC(5) User=0.00s Sys=0.01s Real=0.00s
[2024-12-08T16:36:45.886+0800][gc,marking  ] GC(6) Concurrent Scan Root Regions
[2024-12-08T16:36:45.887+0800][gc,marking  ] GC(6) Concurrent Scan Root Regions 0.485ms
[2024-12-08T16:36:45.887+0800][gc,marking  ] GC(6) Concurrent Mark
[2024-12-08T16:36:45.887+0800][gc,marking  ] GC(6) Concurrent Mark From Roots
[2024-12-08T16:36:45.887+0800][gc,task     ] GC(6) Using 2 workers of 2 for marking
[2024-12-08T16:36:45.892+0800][gc,marking  ] GC(6) Concurrent Mark From Roots 4.988ms
[2024-12-08T16:36:45.892+0800][gc,marking  ] GC(6) Concurrent Preclean
[2024-12-08T16:36:45.892+0800][gc,marking  ] GC(6) Concurrent Preclean 0.030ms
[2024-12-08T16:36:45.892+0800][gc,start    ] GC(6) Pause Remark
[2024-12-08T16:36:45.893+0800][gc          ] GC(6) Pause Remark 148M->148M(1024M) 0.885ms
[2024-12-08T16:36:45.893+0800][gc,cpu      ] GC(6) User=0.01s Sys=0.00s Real=0.00s
[2024-12-08T16:36:45.893+0800][gc,marking  ] GC(6) Concurrent Mark 5.984ms
[2024-12-08T16:36:45.893+0800][gc,marking  ] GC(6) Concurrent Rebuild Remembered Sets and Scrub Regions
[2024-12-08T16:36:45.895+0800][gc,marking  ] GC(6) Concurrent Rebuild Remembered Sets and Scrub Regions 2.567ms
[2024-12-08T16:36:45.895+0800][gc,start    ] GC(6) Pause Cleanup
[2024-12-08T16:36:45.895+0800][gc          ] GC(6) Pause Cleanup 149M->149M(1024M) 0.015ms
[2024-12-08T16:36:45.895+0800][gc,cpu      ] GC(6) User=0.00s Sys=0.00s Real=0.00s
[2024-12-08T16:36:45.895+0800][gc,marking  ] GC(6) Concurrent Clear Claimed Marks
[2024-12-08T16:36:45.895+0800][gc,marking  ] GC(6) Concurrent Clear Claimed Marks 0.010ms
[2024-12-08T16:36:45.895+0800][gc,marking  ] GC(6) Concurrent Cleanup for Next Mark
[2024-12-08T16:36:45.896+0800][gc,marking  ] GC(6) Concurrent Cleanup for Next Mark 0.732ms
[2024-12-08T16:36:45.896+0800][gc          ] GC(6) Concurrent Mark Cycle 9.917ms
[2024-12-08T16:41:14.644+0800][gc,heap,exit] Heap
[2024-12-08T16:41:14.644+0800][gc,heap,exit]  garbage-first heap   total reserved 1048576K, committed 1048576K, used 179455K [0x00000007c0000000, 0x0000000800000000)
[2024-12-08T16:41:14.644+0800][gc,heap,exit]   region size 1024K, 31 young (31744K), 2 survivors (2048K)
[2024-12-08T16:41:14.644+0800][gc,heap,exit]  Metaspace       used 40534K, committed 41024K, reserved 1114112K
[2024-12-08T16:41:14.644+0800][gc,heap,exit]   class space    used 5178K, committed 5376K, reserved 1048576K
